Archive member included because of file (symbol)

LIP_STATIC.a(startup.o)       (vectors)
LIP_STATIC.a(main.o)          LIP_STATIC.a(startup.o) (main)

Memory Configuration

Name             Origin             Length             Attributes
ROM              0x08000000         0x00020000         xr
RAM              0x20000000         0x00005000         xrw
*default*        0x00000000         0xffffffff

Linker script and memory map


.text           0x08000000      0x258
 *(.vectors*)
 .vectors       0x08000000       0x10 LIP_STATIC.a(startup.o)
                0x08000000                vectors
 *(.text*)
 .text          0x08000010      0x114 LIP_STATIC.a(startup.o)
                0x08000010                Default_Handler
                0x08000010                HF_Handler
                0x08000010                BUS_Handler
                0x0800001c                Reset_Handler
 .text          0x08000124      0x134 LIP_STATIC.a(main.o)
                0x08000124                main
 *(.rodata*)
                0x08000258                _E_text = .

.glue_7         0x08000258        0x0
 .glue_7        0x00000000        0x0 linker stubs

.glue_7t        0x08000258        0x0
 .glue_7t       0x00000000        0x0 linker stubs

.vfp11_veneer   0x08000258        0x0
 .vfp11_veneer  0x00000000        0x0 linker stubs

.v4_bx          0x08000258        0x0
 .v4_bx         0x00000000        0x0 linker stubs

.iplt           0x08000258        0x0
 .iplt          0x00000000        0x0 LIP_STATIC.a(startup.o)

.rel.dyn        0x08000258        0x0
 .rel.iplt      0x00000000        0x0 LIP_STATIC.a(startup.o)

.data           0x20000000       0xc8 load address 0x08000258
                0x20000000                _S_DATA = .
 *(.data*)
 .data          0x20000000        0x0 LIP_STATIC.a(startup.o)
 .data          0x20000000       0xc8 LIP_STATIC.a(main.o)
                0x20000000                x_0
                0x20000050                x_1
                0x200000c8                _E_DATA = .

.igot.plt       0x200000c8        0x0 load address 0x08000320
 .igot.plt      0x00000000        0x0 LIP_STATIC.a(startup.o)

.bss            0x200000c8     0x1010 load address 0x08000320
                0x200000c8                _S_BSS = .
 *(.bss*)
 .bss           0x200000c8        0x8 LIP_STATIC.a(startup.o)
                0x200000c8                i
                0x200000cc                j
 .bss           0x200000d0        0x8 LIP_STATIC.a(main.o)
                0x200000d0                a
                0x200000d4                b
                0x200000d8                _E_BSS = .
                0x200010d8                . = (. + 0x1000)
 *fill*         0x200000d8     0x1000 
                0x200010d8                _stack_top = .
LOAD LIP_STATIC.a
OUTPUT(cortex-m3.elf elf32-littlearm)

.debug_info     0x00000000      0x2c0
 .debug_info    0x00000000      0x19e LIP_STATIC.a(startup.o)
 .debug_info    0x0000019e      0x122 LIP_STATIC.a(main.o)

.debug_abbrev   0x00000000      0x14f
 .debug_abbrev  0x00000000       0xcd LIP_STATIC.a(startup.o)
 .debug_abbrev  0x000000cd       0x82 LIP_STATIC.a(main.o)

.debug_loc      0x00000000       0x90
 .debug_loc     0x00000000       0x64 LIP_STATIC.a(startup.o)
 .debug_loc     0x00000064       0x2c LIP_STATIC.a(main.o)

.debug_aranges  0x00000000       0x40
 .debug_aranges
                0x00000000       0x20 LIP_STATIC.a(startup.o)
 .debug_aranges
                0x00000020       0x20 LIP_STATIC.a(main.o)

.debug_line     0x00000000      0x185
 .debug_line    0x00000000       0xc5 LIP_STATIC.a(startup.o)
 .debug_line    0x000000c5       0xc0 LIP_STATIC.a(main.o)

.debug_str      0x00000000      0x11e
 .debug_str     0x00000000      0x112 LIP_STATIC.a(startup.o)
                                0x155 (size before relaxing)
 .debug_str     0x00000112        0xc LIP_STATIC.a(main.o)
                                 0xdf (size before relaxing)

.comment        0x00000000       0x11
 .comment       0x00000000       0x11 LIP_STATIC.a(startup.o)
                                 0x12 (size before relaxing)
 .comment       0x00000000       0x12 LIP_STATIC.a(main.o)

.ARM.attributes
                0x00000000       0x33
 .ARM.attributes
                0x00000000       0x33 LIP_STATIC.a(startup.o)
 .ARM.attributes
                0x00000033       0x33 LIP_STATIC.a(main.o)

.debug_frame    0x00000000       0x74
 .debug_frame   0x00000000       0x4c LIP_STATIC.a(startup.o)
 .debug_frame   0x0000004c       0x28 LIP_STATIC.a(main.o)
